\BOOKMARK [0][-]{section*.1}{\376\377\000T\000a\000b\000l\000e\000\040\000o\000f\000\040\000C\000o\000n\000t\000e\000n\000t\000s}{}% 1
\BOOKMARK [0][-]{section*.4}{\376\377\000I\000n\000t\000r\000o\000d\000u\000c\000t\000i\000o\000n}{}% 2
\BOOKMARK [0][-]{chapter.1}{\376\377\000A\000r\000c\000h\000i\000t\000e\000c\000t\000u\000r\000e}{}% 3
\BOOKMARK [1][-]{section.1.1}{\376\377\000T\000h\000e\000\040\000L\000i\000k\000e\000l\000i\000h\000o\000o\000d\000\040\000C\000y\000c\000l\000e}{chapter.1}% 4
\BOOKMARK [1][-]{section.1.2}{\376\377\000T\000h\000e\000\040\000P\000r\000i\000o\000r\000\040\000C\000y\000c\000l\000e}{chapter.1}% 5
\BOOKMARK [0][-]{chapter.2}{\376\377\000T\000h\000e\000\040\000T\000R\000I\000E}{}% 6
\BOOKMARK [0][-]{chapter.3}{\376\377\000D\000e\000t\000e\000r\000m\000i\000n\000e\000\040\000V\000i\000s\000i\000b\000l\000e\000\040\000N\000o\000d\000e\000s}{}% 7
\BOOKMARK [1][-]{section.3.1}{\376\377\000S\000e\000t\000t\000i\000n\000g\000\040\000t\000h\000e\000\040\000V\000i\000s\000i\000b\000i\000l\000i\000t\000y\000\040\000T\000h\000r\000e\000s\000h\000o\000l\000d}{chapter.3}% 8
\BOOKMARK [1][-]{section.3.2}{\376\377\000R\000e\000s\000p\000o\000n\000d\000i\000n\000g\000\040\000t\000o\000\040\000L\000i\000k\000e\000l\000i\000h\000o\000o\000d\000\040\000U\000p\000d\000a\000t\000e\000s\000\040\000v\000e\000r\000s\000u\000s\000\040\000P\000r\000i\000o\000r\000\040\000U\000p\000d\000a\000t\000e\000s}{chapter.3}% 9
\BOOKMARK [0][-]{chapter.4}{\376\377\000R\000e\000n\000d\000e\000r\000\040\000T\000r\000i\000e}{}% 10
\BOOKMARK [0][-]{chapter.5}{\376\377\000S\000t\000i\000m\000u\000l\000u\000s\000\040\000O\000p\000t\000i\000m\000i\000z\000a\000t\000i\000o\000n\000:\000\040\000I\000d\000e\000a\000l\000\040\000T\000i\000m\000e\000r\000\040\000P\000l\000a\000c\000e\000m\000e\000n\000t}{}% 11
\BOOKMARK [1][-]{section.5.1}{\376\377\000T\000h\000e\000\040\000C\000o\000n\000t\000i\000n\000u\000o\000u\000s\000\040\000O\000n\000e\000\040\000B\000i\000t\000\040\000C\000h\000a\000n\000n\000e\000l}{chapter.5}% 12
\BOOKMARK [2][-]{subsection.5.1.1}{\376\377\000T\000w\000o\000\040\000I\000n\000t\000e\000r\000p\000r\000e\000t\000a\000t\000i\000o\000n\000s}{section.5.1}% 13
\BOOKMARK [2][-]{subsection.5.1.2}{\376\377\000T\000h\000e\000\040\000I\000d\000e\000a\000l\000\040\000T\000i\000m\000i\000n\000g\000\040\000D\000i\000s\000t\000r\000i\000b\000u\000t\000i\000o\000n}{section.5.1}% 14
\BOOKMARK [1][-]{section.5.2}{\376\377\000P\000e\000r\000i\000o\000d\000i\000c\000\040\000S\000i\000g\000n\000a\000l\000s}{chapter.5}% 15
\BOOKMARK [2][-]{subsection.5.2.1}{\376\377\000R\000a\000n\000d\000o\000m\000\040\000S\000c\000a\000n\000\040\000T\000i\000m\000e\000s}{section.5.2}% 16
\BOOKMARK [2][-]{subsection.5.2.2}{\376\377\000P\000e\000r\000i\000o\000d\000i\000c\000\040\000s\000i\000g\000n\000a\000l\000s}{section.5.2}% 17
\BOOKMARK [2][-]{subsection.5.2.3}{\376\377\000A\000p\000p\000r\000o\000x\000i\000m\000a\000t\000i\000n\000g\000\040\000A\000\040\000U\000n\000i\000f\000o\000r\000m\000\040\000D\000i\000s\000t\000r\000i\000b\000u\000t\000i\000o\000n\000\040\000w\000i\000t\000h\000\040\000a\000\040\000G\000a\000u\000s\000s\000i\000a\000n\000\040\000M\000i\000x\000t\000u\000r\000e}{section.5.2}% 18
\BOOKMARK [1][-]{section.5.3}{\376\377\000U\000s\000e\000r\000\040\000P\000a\000r\000a\000m\000e\000t\000e\000r\000s}{chapter.5}% 19
\BOOKMARK [2][-]{subsection.5.3.1}{\376\377\000T\000h\000e\000\040\000L\000i\000k\000e\000l\000i\000h\000o\000o\000d\000\040\000M\000o\000d\000e\000l}{section.5.3}% 20
\BOOKMARK [2][-]{subsection.5.3.2}{\376\377\000D\000i\000r\000e\000c\000t\000i\000o\000n\000a\000l\000\040\000S\000t\000a\000t\000i\000s\000t\000i\000c\000s}{section.5.3}% 21
\BOOKMARK [0][-]{chapter.6}{\376\377\000R\000e\000n\000d\000e\000r\000\040\000S\000t\000i\000m\000u\000l\000u\000s}{}% 22
\BOOKMARK [0][-]{chapter.7}{\376\377\000D\000e\000t\000e\000c\000t\000\040\000R\000e\000s\000p\000o\000n\000s\000e}{}% 23
\BOOKMARK [0][-]{chapter.8}{\376\377\000L\000i\000k\000e\000l\000i\000h\000o\000o\000d\000\040\000R\000e\000s\000u\000l\000t}{}% 24
\BOOKMARK [0][-]{chapter.9}{\376\377\000L\000i\000k\000e\000l\000i\000h\000o\000o\000d\000\040\000U\000p\000d\000a\000t\000e}{}% 25
\BOOKMARK [0][-]{chapter.10}{\376\377\000D\000e\000t\000e\000r\000m\000i\000n\000e\000\040\000M\000o\000s\000t\000\040\000L\000i\000k\000e\000l\000y\000\040\000B\000r\000e\000a\000k\000\040\000N\000o\000d\000e\000s}{}% 26
\BOOKMARK [0][-]{chapter.11}{\376\377\000L\000L\000M\000\040\000Q\000u\000e\000r\000y}{}% 27
\BOOKMARK [0][-]{chapter.12}{\376\377\000L\000L\000M\000\040\000R\000e\000s\000u\000l\000t}{}% 28
\BOOKMARK [0][-]{chapter.13}{\376\377\000P\000r\000i\000o\000r\000\040\000U\000p\000d\000a\000t\000e}{}% 29
\BOOKMARK [0][-]{chapter.14}{\376\377\000M\000a\000s\000t\000e\000r\000i\000n\000g\000\040\000D\000o\000t\000t\000e\000r}{}% 30
\BOOKMARK [1][-]{section.14.1}{\376\377\000T\000h\000e\000\040\000C\000o\000s\000t\000\040\000o\000f\000\040\000I\000n\000c\000o\000r\000r\000e\000c\000t\000\040\000S\000i\000g\000n\000a\000l\000s}{chapter.14}% 31
\BOOKMARK [0][-]{chapter.15}{\376\377\000L\000a\000z\000y\000\040\000U\000p\000d\000a\000t\000e\000s}{}% 32
\BOOKMARK [1][-]{section.15.1}{\376\377\000T\000w\000o\000\040\000K\000i\000n\000d\000s\000\040\000o\000f\000\040\000U\000p\000d\000a\000t\000e\000s}{chapter.15}% 33
\BOOKMARK [1][-]{section.15.2}{\376\377\000L\000i\000k\000e\000l\000i\000h\000o\000o\000d\000\040\000U\000p\000d\000a\000t\000e\000s}{chapter.15}% 34
\BOOKMARK [1][-]{section.15.3}{\376\377\000P\000r\000i\000o\000r\000\040\000U\000p\000d\000a\000t\000e\000s}{chapter.15}% 35
\BOOKMARK [1][-]{section.15.4}{\376\377\000T\000o\000k\000e\000n\000\040\000P\000a\000t\000h\000s}{chapter.15}% 36
\BOOKMARK [0][-]{chapter.16}{\376\377\000E\000m\000b\000e\000l\000l\000i\000s\000h\000m\000e\000n\000t\000s}{}% 37
\BOOKMARK [1][-]{section.16.1}{\376\377\000B\000r\000a\000n\000c\000h\000e\000s\000\040\000o\000f\000\040\000t\000h\000e\000\040\000T\000r\000e\000e}{chapter.16}% 38
\BOOKMARK [0][-]{section*.13}{\376\377\000B\000i\000b\000l\000i\000o\000g\000r\000a\000p\000h\000y}{}% 39
